../Core/Src/main.c:83:5:main	24	static
../Core/Src/main.c:179:6:SystemClock_Config	88	static
../Core/Src/main.c:226:13:MX_ADC1_Init	24	static
../Core/Src/main.c:273:13:MX_TIM1_Init	96	static
../Core/Src/main.c:342:6:user_pwm_setvalue	48	static
../Core/Src/main.c:359:13:MX_GPIO_Init	40	static
../Core/Src/main.c:416:6:Led_Blinking	16	static
../Core/Src/main.c:429:6:Traffic_Control	8	static
../Core/Src/main.c:435:6:ISR0_EXTI_IRQHandler	4	static
../Core/Src/main.c:446:6:ISR1_EXTI_IRQHandler	4	static
../Core/Src/main.c:456:6:Error_Handler	4	static,ignoring_inline_asm
